<html>
<body>
<pre>
<h1>礦ision Build Log</h1>
<h2>Tool Versions:</h2>
IDE-Version: μVision V5.14.0.0
Copyright (C) 2015 ARM Ltd and ARM Germany GmbH. All rights reserved.
License Information: liu sir, yunzhihang, LIC=ATT9U-SJ8GV-AP1ZT-RKM1U-EYBS7-X7VRB
 
Tool Versions:
Toolchain:       MDK-ARM Standard  Version: 5.14.0.0
Toolchain Path:  C:\Keil_v5\ARM\ARMCC\Bin
C Compiler:      Armcc.exe V5.05 update 1 (build 106)
Assembler:       Armasm.exe V5.05 update 1 (build 106)
Linker/Locator:  ArmLink.exe V5.05 update 1 (build 106)
Library Manager: ArmAr.exe V5.05 update 1 (build 106)
Hex Converter:   FromElf.exe V5.05 update 1 (build 106)
CPU DLL:         SARMCM3.DLL V5.14.0.0
Dialog DLL:      DCM.DLL V1.13.1.0
Target DLL:      STLink\ST-LINKIII-KEIL_SWO.dll V2.0.14.0_KEIL
Dialog DLL:      TCM.DLL V1.14.4.0
 
<h2>Project:</h2>
D:\programmer\WorkStation\PWM综合控制板V4.0.2 霍尔开关测速版\USER\PWMControlSys.uvprojx
Project File Date:  11/16/2018

<h2>Output:</h2>
Build target 'PWMControlSys'
compiling main.c...
main.c(178): warning:  #181-D: argument is incompatible with corresponding format string conversion
                        printf("滤波转速:%d n/pm\r\n",speed_tmp);
main.c: 1 warning, 0 errors
linking...
Program Size: Code=20496 RO-data=884 RW-data=108 ZI-data=2308  
FromELF: creating hex file...
"..\OBJ\PWMSys.axf" - 0 Error(s), 1 Warning(s).

<h2>Collection of Component include folders:</h2>
  D:\programmer\WorkStation\PWM综合控制板V4.0.2 霍尔开关测速版\USER\RTE
  C:\Keil_v5\ARM\PACK\Keil\STM32F4xx_DFP\2.13.0

<h2>Collection of Component Files used:</h2>
</pre>
</body>
</html>
