<html>
<body>
<pre>
<h1>µVision Build Log</h1>
<h2>Tool Versions:</h2>
IDE-Version: ¦ÌVision V5.14.0.0
Copyright (C) 2015 ARM Ltd and ARM Germany GmbH. All rights reserved.
License Information: liu sir, yunzhihang, LIC=ATT9U-SJ8GV-AP1ZT-RKM1U-EYBS7-X7VRB
 
Tool Versions:
Toolchain:       MDK-ARM Standard  Version: 5.14.0.0
Toolchain Path:  C:\Keil_v5\ARM\ARMCC\Bin
C Compiler:      Armcc.exe V5.05 update 1 (build 106)
Assembler:       Armasm.exe V5.05 update 1 (build 106)
Linker/Locator:  ArmLink.exe V5.05 update 1 (build 106)
Library Manager: ArmAr.exe V5.05 update 1 (build 106)
Hex Converter:   FromElf.exe V5.05 update 1 (build 106)
CPU DLL:         SARMCM3.DLL V5.14.0.0
Dialog DLL:      DARMSTM.DLL V1.65.0.0
Target DLL:      STLink\ST-LINKIII-KEIL_SWO.dll V2.0.14.0_KEIL
Dialog DLL:      TARMSTM.DLL V1.64.0.0
 
<h2>Project:</h2>
D:\programmer\WorkStation\motor_speed_measure11.9\STM32TEXT6USART _MotorSpeedMearsure\MDK-ARM\STM32TEXT3.uvprojx
Project File Date:  10/19/2018

<h2>Output:</h2>
Build target 'STM32TEXT3'
compiling main.c...
../Src/main.c(188): warning:  #68-D: integer conversion resulted in a change of sign
                if(pwm_value == 2000) step = -100;
../Src/main.c(86): warning:  #177-D: variable "count" was declared but never referenced
        uint8_t count=0; 
../Src/main.c: 2 warnings, 0 errors
linking...
Program Size: Code=9436 RO-data=528 RW-data=24 ZI-data=1328  
"STM32TEXT3\STM32TEXT3.axf" - 0 Error(s), 2 Warning(s).

<h2>Software Packages used:</h2>

Package Vendor: ARM
                http://www.keil.com/pack/ARM.CMSIS.4.2.0.pack
                ARM::CMSIS:CORE:3.40.0
                CMSIS (Cortex Microcontroller Software Interface Standard)
   * Component: CORE Version: 3.40.0

<h2>Collection of Component include folders:</h2>
  D:\programmer\WorkStation\motor_speed_measure11.9\STM32TEXT6USART _MotorSpeedMearsure\MDK-ARM\RTE
  C:\Keil_v5\ARM\PACK\ARM\CMSIS\4.2.0\CMSIS\Include
  C:\Keil_v5\ARM\PACK\Keil\STM32F4xx_DFP\2.13.0

<h2>Collection of Component Files used:</h2>

   * Component: ARM::CMSIS:CORE:3.40.0
      Source file:   CMSIS\UserCodeTemplates\ARM\ITM_Retarget.c
</pre>
</body>
</html>
