<html>
<body>
<pre>
<h1>礦ision Build Log</h1>
<h2>Tool Versions:</h2>
IDE-Version: μVision V5.14.0.0
Copyright (C) 2015 ARM Ltd and ARM Germany GmbH. All rights reserved.
License Information: liu sir, yunzhihang, LIC=ATT9U-SJ8GV-AP1ZT-RKM1U-EYBS7-X7VRB
 
Tool Versions:
Toolchain:       MDK-ARM Standard  Version: 5.14.0.0
Toolchain Path:  C:\Keil_v5\ARM\ARMCC\Bin
C Compiler:      Armcc.exe V5.05 update 1 (build 106)
Assembler:       Armasm.exe V5.05 update 1 (build 106)
Linker/Locator:  ArmLink.exe V5.05 update 1 (build 106)
Library Manager: ArmAr.exe V5.05 update 1 (build 106)
Hex Converter:   FromElf.exe V5.05 update 1 (build 106)
CPU DLL:         SARMCM3.DLL V5.14.0.0
Dialog DLL:      DCM.DLL V1.13.1.0
Target DLL:      STLink\ST-LINKIII-KEIL_SWO.dll V2.0.14.0_KEIL
Dialog DLL:      TCM.DLL V1.14.4.0
 
<h2>Project:</h2>
D:\WorkStation\wifi点火模块\WIFI_FIRECONTROL0.2\MDK-ARM\WIFI_FIRE.uvprojx
Project File Date:  03/04/2019

<h2>Output:</h2>
Build target 'WIFI_FIRE'
compiling main.c...
../Src/main.c(75): warning:  #177-D: variable "key_old_sta" was declared but never referenced
    u8 key_old_sta=0;
../Src/main.c(76): warning:  #177-D: variable "old_flg" was declared but never referenced
    u8 old_flg=0;
../Src/main.c: 2 warnings, 0 errors
linking...
Program Size: Code=5004 RO-data=292 RW-data=32 ZI-data=1288  
FromELF: creating hex file...
"WIFI_FIRE\WIFI_FIRE.axf" - 0 Error(s), 2 Warning(s).

<h2>Software Packages used:</h2>

Package Vendor: ARM
                http://www.keil.com/pack/ARM.CMSIS.4.2.0.pack
                ARM::CMSIS:CORE:3.40.0
                CMSIS (Cortex Microcontroller Software Interface Standard)
   * Component: CORE Version: 3.40.0

<h2>Collection of Component include folders:</h2>
  D:\WorkStation\wifi点火模块\WIFI_FIRECONTROL0.2\MDK-ARM\RTE
  C:\Keil_v5\ARM\PACK\ARM\CMSIS\4.2.0\CMSIS\Include
  C:\Keil_v5\ARM\PACK\Keil\STM32F1xx_DFP\2.0.0

<h2>Collection of Component Files used:</h2>

   * Component: ARM::CMSIS:CORE:3.40.0
      Source file:   CMSIS\UserCodeTemplates\ARM\ITM_Retarget.c
</pre>
</body>
</html>
