<html>
<body>
<pre>
<h1>µVision Build Log</h1>
<h2>Tool Versions:</h2>
IDE-Version: ¦ÌVision V5.14.0.0
Copyright (C) 2015 ARM Ltd and ARM Germany GmbH. All rights reserved.
License Information: liu sir, yunzhihang, LIC=ATT9U-SJ8GV-AP1ZT-RKM1U-EYBS7-X7VRB
 
Tool Versions:
Toolchain:       MDK-ARM Standard  Version: 5.14.0.0
Toolchain Path:  C:\Keil_v5\ARM\ARMCC\Bin
C Compiler:      Armcc.exe V5.05 update 1 (build 106)
Assembler:       Armasm.exe V5.05 update 1 (build 106)
Linker/Locator:  ArmLink.exe V5.05 update 1 (build 106)
Library Manager: ArmAr.exe V5.05 update 1 (build 106)
Hex Converter:   FromElf.exe V5.05 update 1 (build 106)
CPU DLL:         SARMCM3.DLL V5.14.0.0
Dialog DLL:      DCM.DLL V1.13.1.0
Target DLL:      STLink\ST-LINKIII-KEIL_SWO.dll V2.0.14.0_KEIL
Dialog DLL:      TCM.DLL V1.14.4.0
 
<h2>Project:</h2>
D:\programmer\WorkStation\motor_speed_measure11.15\MDK-ARM\STM32TEXT3.uvprojx
Project File Date:  11/03/2018

<h2>Output:</h2>
Build target 'STM32TEXT3'
compiling main.c...
../Src/main.c(75): warning:  #177-D: variable "temp" was declared but never referenced
        uint16_t temp=0; 
../Src/main.c(77): warning:  #177-D: variable "pwm_value" was declared but never referenced
        uint16_t pwm_value=200;
../Src/main.c(78): warning:  #177-D: variable "step" was declared but never referenced
        uint16_t step;
../Src/main.c: 3 warnings, 0 errors
linking...
Program Size: Code=5516 RO-data=528 RW-data=16 ZI-data=1208  
"STM32TEXT3\STM32TEXT3.axf" - 0 Error(s), 3 Warning(s).

<h2>Software Packages used:</h2>

Package Vendor: ARM
                http://www.keil.com/pack/ARM.CMSIS.4.2.0.pack
                ARM::CMSIS:CORE:3.40.0
                CMSIS (Cortex Microcontroller Software Interface Standard)
   * Component: CORE Version: 3.40.0

<h2>Collection of Component include folders:</h2>
  D:\programmer\WorkStation\motor_speed_measure11.15\MDK-ARM\RTE
  C:\Keil_v5\ARM\PACK\ARM\CMSIS\4.2.0\CMSIS\Include
  C:\Keil_v5\ARM\PACK\Keil\STM32F4xx_DFP\2.13.0

<h2>Collection of Component Files used:</h2>

   * Component: ARM::CMSIS:CORE:3.40.0
      Source file:   CMSIS\UserCodeTemplates\ARM\ITM_Retarget.c
</pre>
</body>
</html>
